// Jest Snapshot v1, https://goo.gl/fbAQLP

exports[`Login component renders correctly on phone 1`] = `
<View
  style={
    {
      "backgroundColor": "#fff",
      "flex": 1,
      "width": "100%",
    }
  }
>
  <Image
    source={1}
    style={
      {
        "height": "70%",
        "resizeMode": "cover",
        "width": "100%",
      }
    }
  />
  <View
    style={
      {
        "alignItems": "center",
        "backgroundColor": "#fff",
        "borderTopLeftRadius": 10,
        "borderTopRightRadius": 10,
        "elevation": 5,
        "flex": 1,
        "flexDirection": "column",
        "justifyContent": "space-evenly",
        "marginTop": -10,
        "padding": 20,
        "shadowColor": "#000",
        "shadowOffset": {
          "height": -2,
          "width": 0,
        },
        "shadowOpacity": 0.1,
        "shadowRadius": 10,
      }
    }
  >
    <Text
      style={
        {
          "fontFamily": "outfit-bold",
          "fontSize": 20,
          "marginBottom": 10,
          "textAlign": "center",
        }
      }
    >
      AI Travel Planner
    </Text>
    <Text
      style={
        {
          "fontFamily": "outfit",
          "fontSize": 15,
          "marginBottom": 30,
          "textAlign": "center",
        }
      }
    >
      Discover your next adventure effortlessly. Personalized itinerary plans created by AI.
    </Text>
    <View
      accessibilityState={
        {
          "busy": undefined,
          "checked": undefined,
          "disabled": undefined,
          "expanded": undefined,
          "selected": undefined,
        }
      }
      accessibilityValue={
        {
          "max": undefined,
          "min": undefined,
          "now": undefined,
          "text": undefined,
        }
      }
      accessible={true}
      collapsable={false}
      focusable={false}
      onClick={[Function]}
      onResponderGrant={[Function]}
      onResponderMove={[Function]}
      onResponderRelease={[Function]}
      onResponderTerminate={[Function]}
      onResponderTerminationRequest={[Function]}
      onStartShouldSetResponder={[Function]}
      style={
        {
          "alignItems": "center",
          "backgroundColor": "#0a7ea4",
          "borderRadius": 30,
          "opacity": 1,
          "paddingHorizontal": 30,
          "paddingVertical": 15,
          "width": "100%",
        }
      }
    >
      <Text
        style={
          {
            "color": "#fff",
            "fontFamily": "outfit",
            "fontSize": 15,
          }
        }
      >
        Sign in with Google
      </Text>
    </View>
  </View>
</View>
`;

exports[`Login component renders correctly on tablet 1`] = `
<View
  style={
    {
      "backgroundColor": "#fff",
      "flex": 1,
      "width": "100%",
    }
  }
>
  <Image
    source={1}
    style={
      {
        "height": "70%",
        "resizeMode": "cover",
        "width": "100%",
      }
    }
  />
  <View
    style={
      {
        "alignItems": "center",
        "backgroundColor": "#fff",
        "borderTopLeftRadius": 10,
        "borderTopRightRadius": 10,
        "elevation": 5,
        "flex": 1,
        "flexDirection": "column",
        "justifyContent": "space-evenly",
        "marginTop": -10,
        "padding": 20,
        "shadowColor": "#000",
        "shadowOffset": {
          "height": -2,
          "width": 0,
        },
        "shadowOpacity": 0.1,
        "shadowRadius": 10,
      }
    }
  >
    <Text
      style={
        {
          "fontFamily": "outfit-bold",
          "fontSize": 20,
          "marginBottom": 10,
          "textAlign": "center",
        }
      }
    >
      AI Travel Planner
    </Text>
    <Text
      style={
        {
          "fontFamily": "outfit",
          "fontSize": 15,
          "marginBottom": 30,
          "textAlign": "center",
        }
      }
    >
      Discover your next adventure effortlessly. Personalized itinerary plans created by AI.
    </Text>
    <View
      accessibilityState={
        {
          "busy": undefined,
          "checked": undefined,
          "disabled": undefined,
          "expanded": undefined,
          "selected": undefined,
        }
      }
      accessibilityValue={
        {
          "max": undefined,
          "min": undefined,
          "now": undefined,
          "text": undefined,
        }
      }
      accessible={true}
      collapsable={false}
      focusable={false}
      onClick={[Function]}
      onResponderGrant={[Function]}
      onResponderMove={[Function]}
      onResponderRelease={[Function]}
      onResponderTerminate={[Function]}
      onResponderTerminationRequest={[Function]}
      onStartShouldSetResponder={[Function]}
      style={
        {
          "alignItems": "center",
          "backgroundColor": "#0a7ea4",
          "borderRadius": 30,
          "opacity": 1,
          "paddingHorizontal": 30,
          "paddingVertical": 15,
          "width": "100%",
        }
      }
    >
      <Text
        style={
          {
            "color": "#fff",
            "fontFamily": "outfit",
            "fontSize": 15,
          }
        }
      >
        Sign in with Google
      </Text>
    </View>
  </View>
</View>
`;
